<?xml version="1.0"?>
<link_info>
   <banner>TMS320C2000 Linker Unix v16.9.1.LTS</banner>
   <copyright>Copyright (c) 1996-2015 Texas Instruments Incorporated</copyright>
   <link_time>0x58ce404d</link_time>
   <link_errors>0x0</link_errors>
   <output_file>engg4810-firmware.out</output_file>
   <entry_point>
      <name>_c_int00</name>
      <address>0x40</address>
   </entry_point>
   <input_file_list>
      <input_file id="fl-2">
         <path>./</path>
         <kind>object</kind>
         <file>main.obj</file>
         <name>main.obj</name>
      </input_file>
      <input_file id="fl-13">
         <path>/Applications/ti/ccsv7/tools/compiler/ti-cgt-c2000_16.9.1.LTS/lib/</path>
         <kind>archive</kind>
         <file>rts2800_ml.lib</file>
         <name>boot28.obj</name>
      </input_file>
      <input_file id="fl-14">
         <path>/Applications/ti/ccsv7/tools/compiler/ti-cgt-c2000_16.9.1.LTS/lib/</path>
         <kind>archive</kind>
         <file>rts2800_ml.lib</file>
         <name>cpy_tbl.obj</name>
      </input_file>
      <input_file id="fl-15">
         <path>/Applications/ti/ccsv7/tools/compiler/ti-cgt-c2000_16.9.1.LTS/lib/</path>
         <kind>archive</kind>
         <file>rts2800_ml.lib</file>
         <name>exit.obj</name>
      </input_file>
      <input_file id="fl-16">
         <path>/Applications/ti/ccsv7/tools/compiler/ti-cgt-c2000_16.9.1.LTS/lib/</path>
         <kind>archive</kind>
         <file>rts2800_ml.lib</file>
         <name>memcpy.obj</name>
      </input_file>
      <input_file id="fl-17">
         <path>/Applications/ti/ccsv7/tools/compiler/ti-cgt-c2000_16.9.1.LTS/lib/</path>
         <kind>archive</kind>
         <file>rts2800_ml.lib</file>
         <name>pre_init.obj</name>
      </input_file>
      <input_file id="fl-18">
         <path>/Applications/ti/ccsv7/tools/compiler/ti-cgt-c2000_16.9.1.LTS/lib/</path>
         <kind>archive</kind>
         <file>rts2800_ml.lib</file>
         <name>startup.obj</name>
      </input_file>
      <input_file id="fl-19">
         <path>/Applications/ti/ccsv7/tools/compiler/ti-cgt-c2000_16.9.1.LTS/lib/</path>
         <kind>archive</kind>
         <file>rts2800_ml.lib</file>
         <name>_lock.obj</name>
      </input_file>
      <input_file id="fl-1a">
         <path>/Applications/ti/ccsv7/tools/compiler/ti-cgt-c2000_16.9.1.LTS/lib/</path>
         <kind>archive</kind>
         <file>rts2800_ml.lib</file>
         <name>args_main.obj</name>
      </input_file>
   </input_file_list>
   <object_component_list>
      <object_component id="oc-3">
         <name>.text</name>
         <load_address>0x40</load_address>
         <run_address>0x40</run_address>
         <size>0x54</size>
         <input_file_ref idref="fl-13"/>
      </object_component>
      <object_component id="oc-38">
         <name>.text</name>
         <load_address>0x94</load_address>
         <run_address>0x94</run_address>
         <size>0x29</size>
         <input_file_ref idref="fl-15"/>
      </object_component>
      <object_component id="oc-35">
         <name>.text</name>
         <load_address>0xbd</load_address>
         <run_address>0xbd</run_address>
         <size>0x24</size>
         <input_file_ref idref="fl-14"/>
      </object_component>
      <object_component id="oc-39">
         <name>.text</name>
         <load_address>0xe1</load_address>
         <run_address>0xe1</run_address>
         <size>0x1d</size>
         <input_file_ref idref="fl-16"/>
      </object_component>
      <object_component id="oc-37">
         <name>.text</name>
         <load_address>0xfe</load_address>
         <run_address>0xfe</run_address>
         <size>0x19</size>
         <input_file_ref idref="fl-1a"/>
      </object_component>
      <object_component id="oc-3d">
         <name>.text</name>
         <load_address>0x117</load_address>
         <run_address>0x117</run_address>
         <size>0x9</size>
         <input_file_ref idref="fl-19"/>
      </object_component>
      <object_component id="oc-3a">
         <name>.text</name>
         <load_address>0x120</load_address>
         <run_address>0x120</run_address>
         <size>0x2</size>
         <input_file_ref idref="fl-2"/>
      </object_component>
      <object_component id="oc-34">
         <name>.text</name>
         <load_address>0x122</load_address>
         <run_address>0x122</run_address>
         <size>0x2</size>
         <input_file_ref idref="fl-17"/>
      </object_component>
      <object_component id="oc-36">
         <name>.text</name>
         <load_address>0x124</load_address>
         <run_address>0x124</run_address>
         <size>0x1</size>
         <input_file_ref idref="fl-18"/>
      </object_component>
      <object_component id="oc-15">
         <name>.cinit</name>
         <load_address>0x125</load_address>
         <run_address>0x125</run_address>
         <size>0xe</size>
         <input_file_ref idref="fl-15"/>
      </object_component>
      <object_component id="oc-3c">
         <name>.cinit:__lock</name>
         <load_address>0x133</load_address>
         <run_address>0x133</run_address>
         <size>0x5</size>
         <input_file_ref idref="fl-19"/>
      </object_component>
      <object_component id="oc-3e">
         <name>.cinit:__unlock</name>
         <load_address>0x138</load_address>
         <run_address>0x138</run_address>
         <size>0x5</size>
         <input_file_ref idref="fl-19"/>
      </object_component>
      <object_component id="oc-9">
         <name>.stack</name>
         <uninitialized>true</uninitialized>
         <run_address>0x0</run_address>
         <size>0x0</size>
         <input_file_ref idref="fl-13"/>
      </object_component>
      <object_component id="oc-60">
         <name>.stack</name>
         <uninitialized>true</uninitialized>
         <run_address>0x0</run_address>
         <size>0x0</size>
      </object_component>
      <object_component id="oc-4">
         <name>.debug_info</name>
         <load_address>0x0</load_address>
         <run_address>0x0</run_address>
         <size>0x2dc</size>
         <input_file_ref idref="fl-2"/>
      </object_component>
      <object_component id="oc-b">
         <name>.debug_info</name>
         <load_address>0x2dc</load_address>
         <run_address>0x2dc</run_address>
         <size>0x16b</size>
         <input_file_ref idref="fl-13"/>
      </object_component>
      <object_component id="oc-f">
         <name>.debug_info</name>
         <load_address>0x447</load_address>
         <run_address>0x447</run_address>
         <size>0x50f</size>
         <input_file_ref idref="fl-14"/>
      </object_component>
      <object_component id="oc-14">
         <name>.debug_info</name>
         <load_address>0x956</load_address>
         <run_address>0x956</run_address>
         <size>0x4f9</size>
         <input_file_ref idref="fl-15"/>
      </object_component>
      <object_component id="oc-1b">
         <name>.debug_info</name>
         <load_address>0xe4f</load_address>
         <run_address>0xe4f</run_address>
         <size>0x3bd</size>
         <input_file_ref idref="fl-16"/>
      </object_component>
      <object_component id="oc-20">
         <name>.debug_info</name>
         <load_address>0x120c</load_address>
         <run_address>0x120c</run_address>
         <size>0x330</size>
         <input_file_ref idref="fl-17"/>
      </object_component>
      <object_component id="oc-25">
         <name>.debug_info</name>
         <load_address>0x153c</load_address>
         <run_address>0x153c</run_address>
         <size>0x32d</size>
         <input_file_ref idref="fl-18"/>
      </object_component>
      <object_component id="oc-2a">
         <name>.debug_info</name>
         <load_address>0x1869</load_address>
         <run_address>0x1869</run_address>
         <size>0x44f</size>
         <input_file_ref idref="fl-19"/>
      </object_component>
      <object_component id="oc-2f">
         <name>.debug_info</name>
         <load_address>0x1cb8</load_address>
         <run_address>0x1cb8</run_address>
         <size>0x41c</size>
         <input_file_ref idref="fl-1a"/>
      </object_component>
      <object_component id="oc-61">
         <name>.debug_info</name>
         <load_address>0x20d4</load_address>
         <run_address>0x20d4</run_address>
         <size>0xa5</size>
      </object_component>
      <object_component id="oc-5">
         <name>.debug_frame</name>
         <load_address>0x0</load_address>
         <run_address>0x0</run_address>
         <size>0x33</size>
         <input_file_ref idref="fl-2"/>
      </object_component>
      <object_component id="oc-10">
         <name>.debug_frame</name>
         <load_address>0x33</load_address>
         <run_address>0x33</run_address>
         <size>0x54</size>
         <input_file_ref idref="fl-14"/>
      </object_component>
      <object_component id="oc-17">
         <name>.debug_frame</name>
         <load_address>0x87</load_address>
         <run_address>0x87</run_address>
         <size>0x51</size>
         <input_file_ref idref="fl-15"/>
      </object_component>
      <object_component id="oc-1c">
         <name>.debug_frame</name>
         <load_address>0xd8</load_address>
         <run_address>0xd8</run_address>
         <size>0x33</size>
         <input_file_ref idref="fl-16"/>
      </object_component>
      <object_component id="oc-21">
         <name>.debug_frame</name>
         <load_address>0x10b</load_address>
         <run_address>0x10b</run_address>
         <size>0x33</size>
         <input_file_ref idref="fl-17"/>
      </object_component>
      <object_component id="oc-26">
         <name>.debug_frame</name>
         <load_address>0x13e</load_address>
         <run_address>0x13e</run_address>
         <size>0x33</size>
         <input_file_ref idref="fl-18"/>
      </object_component>
      <object_component id="oc-2b">
         <name>.debug_frame</name>
         <load_address>0x171</load_address>
         <run_address>0x171</run_address>
         <size>0x5d</size>
         <input_file_ref idref="fl-19"/>
      </object_component>
      <object_component id="oc-30">
         <name>.debug_frame</name>
         <load_address>0x1ce</load_address>
         <run_address>0x1ce</run_address>
         <size>0x33</size>
         <input_file_ref idref="fl-1a"/>
      </object_component>
      <object_component id="oc-6">
         <name>.debug_line</name>
         <load_address>0x0</load_address>
         <run_address>0x0</run_address>
         <size>0x40</size>
         <input_file_ref idref="fl-2"/>
      </object_component>
      <object_component id="oc-c">
         <name>.debug_line</name>
         <load_address>0x40</load_address>
         <run_address>0x40</run_address>
         <size>0x7d</size>
         <input_file_ref idref="fl-13"/>
      </object_component>
      <object_component id="oc-11">
         <name>.debug_line</name>
         <load_address>0xbd</load_address>
         <run_address>0xbd</run_address>
         <size>0x50</size>
         <input_file_ref idref="fl-14"/>
      </object_component>
      <object_component id="oc-18">
         <name>.debug_line</name>
         <load_address>0x10d</load_address>
         <run_address>0x10d</run_address>
         <size>0x65</size>
         <input_file_ref idref="fl-15"/>
      </object_component>
      <object_component id="oc-1d">
         <name>.debug_line</name>
         <load_address>0x172</load_address>
         <run_address>0x172</run_address>
         <size>0x62</size>
         <input_file_ref idref="fl-16"/>
      </object_component>
      <object_component id="oc-22">
         <name>.debug_line</name>
         <load_address>0x1d4</load_address>
         <run_address>0x1d4</run_address>
         <size>0x3e</size>
         <input_file_ref idref="fl-17"/>
      </object_component>
      <object_component id="oc-27">
         <name>.debug_line</name>
         <load_address>0x212</load_address>
         <run_address>0x212</run_address>
         <size>0x3a</size>
         <input_file_ref idref="fl-18"/>
      </object_component>
      <object_component id="oc-2c">
         <name>.debug_line</name>
         <load_address>0x24c</load_address>
         <run_address>0x24c</run_address>
         <size>0x5e</size>
         <input_file_ref idref="fl-19"/>
      </object_component>
      <object_component id="oc-31">
         <name>.debug_line</name>
         <load_address>0x2aa</load_address>
         <run_address>0x2aa</run_address>
         <size>0x55</size>
         <input_file_ref idref="fl-1a"/>
      </object_component>
      <object_component id="oc-7">
         <name>.debug_abbrev</name>
         <load_address>0x0</load_address>
         <run_address>0x0</run_address>
         <size>0x65</size>
         <input_file_ref idref="fl-2"/>
      </object_component>
      <object_component id="oc-d">
         <name>.debug_abbrev</name>
         <load_address>0x65</load_address>
         <run_address>0x65</run_address>
         <size>0x46</size>
         <input_file_ref idref="fl-13"/>
      </object_component>
      <object_component id="oc-12">
         <name>.debug_abbrev</name>
         <load_address>0xab</load_address>
         <run_address>0xab</run_address>
         <size>0xfc</size>
         <input_file_ref idref="fl-14"/>
      </object_component>
      <object_component id="oc-19">
         <name>.debug_abbrev</name>
         <load_address>0x1a7</load_address>
         <run_address>0x1a7</run_address>
         <size>0x142</size>
         <input_file_ref idref="fl-15"/>
      </object_component>
      <object_component id="oc-1e">
         <name>.debug_abbrev</name>
         <load_address>0x2e9</load_address>
         <run_address>0x2e9</run_address>
         <size>0xa8</size>
         <input_file_ref idref="fl-16"/>
      </object_component>
      <object_component id="oc-23">
         <name>.debug_abbrev</name>
         <load_address>0x391</load_address>
         <run_address>0x391</run_address>
         <size>0x68</size>
         <input_file_ref idref="fl-17"/>
      </object_component>
      <object_component id="oc-28">
         <name>.debug_abbrev</name>
         <load_address>0x3f9</load_address>
         <run_address>0x3f9</run_address>
         <size>0x66</size>
         <input_file_ref idref="fl-18"/>
      </object_component>
      <object_component id="oc-2d">
         <name>.debug_abbrev</name>
         <load_address>0x45f</load_address>
         <run_address>0x45f</run_address>
         <size>0xb2</size>
         <input_file_ref idref="fl-19"/>
      </object_component>
      <object_component id="oc-32">
         <name>.debug_abbrev</name>
         <load_address>0x511</load_address>
         <run_address>0x511</run_address>
         <size>0xfe</size>
         <input_file_ref idref="fl-1a"/>
      </object_component>
      <object_component id="oc-62">
         <name>.debug_abbrev</name>
         <load_address>0x60f</load_address>
         <run_address>0x60f</run_address>
         <size>0xf</size>
      </object_component>
      <object_component id="oc-8">
         <name>.debug_aranges</name>
         <load_address>0x0</load_address>
         <run_address>0x0</run_address>
         <size>0x20</size>
         <input_file_ref idref="fl-2"/>
      </object_component>
      <object_component id="oc-e">
         <name>.debug_aranges</name>
         <load_address>0x20</load_address>
         <run_address>0x20</run_address>
         <size>0x20</size>
         <input_file_ref idref="fl-13"/>
      </object_component>
      <object_component id="oc-13">
         <name>.debug_aranges</name>
         <load_address>0x40</load_address>
         <run_address>0x40</run_address>
         <size>0x20</size>
         <input_file_ref idref="fl-14"/>
      </object_component>
      <object_component id="oc-1a">
         <name>.debug_aranges</name>
         <load_address>0x60</load_address>
         <run_address>0x60</run_address>
         <size>0x28</size>
         <input_file_ref idref="fl-15"/>
      </object_component>
      <object_component id="oc-1f">
         <name>.debug_aranges</name>
         <load_address>0x88</load_address>
         <run_address>0x88</run_address>
         <size>0x20</size>
         <input_file_ref idref="fl-16"/>
      </object_component>
      <object_component id="oc-24">
         <name>.debug_aranges</name>
         <load_address>0xa8</load_address>
         <run_address>0xa8</run_address>
         <size>0x20</size>
         <input_file_ref idref="fl-17"/>
      </object_component>
      <object_component id="oc-29">
         <name>.debug_aranges</name>
         <load_address>0xc8</load_address>
         <run_address>0xc8</run_address>
         <size>0x20</size>
         <input_file_ref idref="fl-18"/>
      </object_component>
      <object_component id="oc-2e">
         <name>.debug_aranges</name>
         <load_address>0xe8</load_address>
         <run_address>0xe8</run_address>
         <size>0x30</size>
         <input_file_ref idref="fl-19"/>
      </object_component>
      <object_component id="oc-33">
         <name>.debug_aranges</name>
         <load_address>0x118</load_address>
         <run_address>0x118</run_address>
         <size>0x20</size>
         <input_file_ref idref="fl-1a"/>
      </object_component>
      <object_component id="oc-a">
         <name>.reset</name>
         <load_address>0x140</load_address>
         <run_address>0x140</run_address>
         <size>0x2</size>
         <input_file_ref idref="fl-13"/>
      </object_component>
      <object_component id="oc-16">
         <name>.ebss</name>
         <uninitialized>true</uninitialized>
         <run_address>0x400</run_address>
         <size>0x6</size>
         <input_file_ref idref="fl-15"/>
      </object_component>
      <object_component id="oc-3f">
         <name>.ebss:__unlock</name>
         <uninitialized>true</uninitialized>
         <run_address>0x408</run_address>
         <size>0x2</size>
         <input_file_ref idref="fl-19"/>
      </object_component>
      <object_component id="oc-3b">
         <name>.ebss:__lock</name>
         <uninitialized>true</uninitialized>
         <run_address>0x406</run_address>
         <size>0x2</size>
         <input_file_ref idref="fl-19"/>
      </object_component>
   </object_component_list>
   <logical_group_list>
      <logical_group id="lg-40" display="no" color="cyan">
         <name>.text</name>
         <load_address>0x40</load_address>
         <run_address>0x40</run_address>
         <size>0xe5</size>
         <contents>
            <object_component_ref idref="oc-3"/>
            <object_component_ref idref="oc-38"/>
            <object_component_ref idref="oc-35"/>
            <object_component_ref idref="oc-39"/>
            <object_component_ref idref="oc-37"/>
            <object_component_ref idref="oc-3d"/>
            <object_component_ref idref="oc-3a"/>
            <object_component_ref idref="oc-34"/>
            <object_component_ref idref="oc-36"/>
         </contents>
      </logical_group>
      <logical_group id="lg-41" display="no" color="cyan">
         <name>.data</name>
         <run_address>0x40</run_address>
         <size>0x0</size>
         <contents>
         </contents>
      </logical_group>
      <logical_group id="lg-42" display="no" color="cyan">
         <name>.bss</name>
         <run_address>0x0</run_address>
         <size>0x0</size>
         <contents>
         </contents>
      </logical_group>
      <logical_group id="lg-43" display="no" color="cyan">
         <name>.cinit</name>
         <load_address>0x125</load_address>
         <run_address>0x125</run_address>
         <size>0x1a</size>
         <contents>
            <object_component_ref idref="oc-15"/>
            <object_component_ref idref="oc-3c"/>
            <object_component_ref idref="oc-3e"/>
         </contents>
      </logical_group>
      <logical_group id="lg-44" display="no" color="cyan">
         <name>.pinit</name>
         <run_address>0x0</run_address>
         <size>0x0</size>
         <contents>
         </contents>
      </logical_group>
      <logical_group id="lg-45" display="no" color="cyan">
         <name>.stack</name>
         <run_address>0x0</run_address>
         <size>0x400</size>
         <contents>
            <object_component_ref idref="oc-9"/>
            <object_component_ref idref="oc-60"/>
         </contents>
      </logical_group>
      <logical_group id="lg-46" display="no" color="cyan">
         <name>.esysmem</name>
         <run_address>0x0</run_address>
         <size>0x0</size>
         <contents>
         </contents>
      </logical_group>
      <logical_group id="lg-47" display="no" color="cyan">
         <name>.ppdata</name>
         <run_address>0x0</run_address>
         <size>0x0</size>
         <contents>
         </contents>
      </logical_group>
      <logical_group id="lg-50" display="never" color="cyan">
         <name>.debug_info</name>
         <load_address>0x0</load_address>
         <run_address>0x0</run_address>
         <size>0x2179</size>
         <contents>
            <object_component_ref idref="oc-4"/>
            <object_component_ref idref="oc-b"/>
            <object_component_ref idref="oc-f"/>
            <object_component_ref idref="oc-14"/>
            <object_component_ref idref="oc-1b"/>
            <object_component_ref idref="oc-20"/>
            <object_component_ref idref="oc-25"/>
            <object_component_ref idref="oc-2a"/>
            <object_component_ref idref="oc-2f"/>
            <object_component_ref idref="oc-61"/>
         </contents>
      </logical_group>
      <logical_group id="lg-52" display="never" color="cyan">
         <name>.debug_frame</name>
         <load_address>0x0</load_address>
         <run_address>0x0</run_address>
         <size>0x201</size>
         <contents>
            <object_component_ref idref="oc-5"/>
            <object_component_ref idref="oc-10"/>
            <object_component_ref idref="oc-17"/>
            <object_component_ref idref="oc-1c"/>
            <object_component_ref idref="oc-21"/>
            <object_component_ref idref="oc-26"/>
            <object_component_ref idref="oc-2b"/>
            <object_component_ref idref="oc-30"/>
         </contents>
      </logical_group>
      <logical_group id="lg-54" display="never" color="cyan">
         <name>.debug_line</name>
         <load_address>0x0</load_address>
         <run_address>0x0</run_address>
         <size>0x2ff</size>
         <contents>
            <object_component_ref idref="oc-6"/>
            <object_component_ref idref="oc-c"/>
            <object_component_ref idref="oc-11"/>
            <object_component_ref idref="oc-18"/>
            <object_component_ref idref="oc-1d"/>
            <object_component_ref idref="oc-22"/>
            <object_component_ref idref="oc-27"/>
            <object_component_ref idref="oc-2c"/>
            <object_component_ref idref="oc-31"/>
         </contents>
      </logical_group>
      <logical_group id="lg-56" display="never" color="cyan">
         <name>.debug_abbrev</name>
         <load_address>0x0</load_address>
         <run_address>0x0</run_address>
         <size>0x61e</size>
         <contents>
            <object_component_ref idref="oc-7"/>
            <object_component_ref idref="oc-d"/>
            <object_component_ref idref="oc-12"/>
            <object_component_ref idref="oc-19"/>
            <object_component_ref idref="oc-1e"/>
            <object_component_ref idref="oc-23"/>
            <object_component_ref idref="oc-28"/>
            <object_component_ref idref="oc-2d"/>
            <object_component_ref idref="oc-32"/>
            <object_component_ref idref="oc-62"/>
         </contents>
      </logical_group>
      <logical_group id="lg-58" display="never" color="cyan">
         <name>.debug_aranges</name>
         <load_address>0x0</load_address>
         <run_address>0x0</run_address>
         <size>0x138</size>
         <contents>
            <object_component_ref idref="oc-8"/>
            <object_component_ref idref="oc-e"/>
            <object_component_ref idref="oc-13"/>
            <object_component_ref idref="oc-1a"/>
            <object_component_ref idref="oc-1f"/>
            <object_component_ref idref="oc-24"/>
            <object_component_ref idref="oc-29"/>
            <object_component_ref idref="oc-2e"/>
            <object_component_ref idref="oc-33"/>
         </contents>
      </logical_group>
      <logical_group id="lg-5a" display="no" color="cyan">
         <name>.reset</name>
         <load_address>0x140</load_address>
         <run_address>0x140</run_address>
         <size>0x2</size>
         <contents>
            <object_component_ref idref="oc-a"/>
         </contents>
      </logical_group>
      <logical_group id="lg-5c" display="no" color="cyan">
         <name>.ebss</name>
         <run_address>0x400</run_address>
         <size>0xa</size>
         <contents>
            <object_component_ref idref="oc-16"/>
            <object_component_ref idref="oc-3f"/>
            <object_component_ref idref="oc-3b"/>
         </contents>
      </logical_group>
   </logical_group_list>
   <placement_map>
      <memory_area display="yes" color="green">
         <name>PROG</name>
         <page_id>0x0</page_id>
         <origin>0x40</origin>
         <length>0x3fffc0</length>
         <used_space>0x101</used_space>
         <unused_space>0x3ffebf</unused_space>
         <attributes>RWIX</attributes>
         <usage_details>
            <allocated_space>
               <start_address>0x40</start_address>
               <size>0x0</size>
               <logical_group_ref idref="lg-41"/>
            </allocated_space>
            <allocated_space>
               <start_address>0x40</start_address>
               <size>0xe5</size>
               <logical_group_ref idref="lg-40"/>
            </allocated_space>
            <allocated_space>
               <start_address>0x125</start_address>
               <size>0x1a</size>
               <logical_group_ref idref="lg-43"/>
            </allocated_space>
            <available_space>
               <start_address>0x13f</start_address>
               <size>0x1</size>
            </available_space>
            <allocated_space>
               <start_address>0x140</start_address>
               <size>0x2</size>
               <logical_group_ref idref="lg-5a"/>
            </allocated_space>
            <available_space>
               <start_address>0x142</start_address>
               <size>0x3ffebe</size>
            </available_space>
         </usage_details>
      </memory_area>
      <memory_area display="yes" color="green">
         <name>DATA</name>
         <page_id>0x1</page_id>
         <origin>0x0</origin>
         <length>0x10000</length>
         <used_space>0x40a</used_space>
         <unused_space>0xfbf6</unused_space>
         <attributes>RW</attributes>
         <usage_details>
            <allocated_space>
               <start_address>0x0</start_address>
               <size>0x0</size>
               <logical_group_ref idref="lg-42"/>
            </allocated_space>
            <allocated_space>
               <start_address>0x0</start_address>
               <size>0x400</size>
               <logical_group_ref idref="lg-45"/>
            </allocated_space>
            <allocated_space>
               <start_address>0x400</start_address>
               <size>0xa</size>
               <logical_group_ref idref="lg-5c"/>
            </allocated_space>
            <available_space>
               <start_address>0x40a</start_address>
               <size>0xfbf6</size>
            </available_space>
         </usage_details>
      </memory_area>
      <memory_area display="yes" color="green">
         <name>DATA1</name>
         <page_id>0x1</page_id>
         <origin>0x10000</origin>
         <length>0x3f0000</length>
         <used_space>0x0</used_space>
         <unused_space>0x3f0000</unused_space>
         <attributes>RW</attributes>
         <usage_details>
         </usage_details>
      </memory_area>
   </placement_map>
   <symbol_table>
      <symbol id="sm-0">
         <name>cinit</name>
         <value>0x125</value>
      </symbol>
      <symbol id="sm-1">
         <name>___cinit__</name>
         <value>0x125</value>
      </symbol>
      <symbol id="sm-2">
         <name>pinit</name>
         <value>0xffffffff</value>
      </symbol>
      <symbol id="sm-3">
         <name>___pinit__</name>
         <value>0xffffffff</value>
      </symbol>
      <symbol id="sm-4">
         <name>binit</name>
         <value>0xffffffff</value>
      </symbol>
      <symbol id="sm-5">
         <name>___binit__</name>
         <value>0xffffffff</value>
      </symbol>
      <symbol id="sm-6">
         <name>__STACK_SIZE</name>
         <value>0x400</value>
      </symbol>
      <symbol id="sm-7">
         <name>__STACK_END</name>
         <value>0x400</value>
      </symbol>
      <symbol id="sm-8">
         <name>___c_args__</name>
         <value>0xffffffff</value>
      </symbol>
      <symbol id="sm-9">
         <name>.text</name>
         <value>0x40</value>
      </symbol>
      <symbol id="sm-a">
         <name>___text__</name>
         <value>0x40</value>
      </symbol>
      <symbol id="sm-b">
         <name>etext</name>
         <value>0x125</value>
      </symbol>
      <symbol id="sm-c">
         <name>___etext__</name>
         <value>0x125</value>
      </symbol>
      <symbol id="sm-d">
         <name>.data</name>
         <value>0x40</value>
      </symbol>
      <symbol id="sm-e">
         <name>___data__</name>
         <value>0x40</value>
      </symbol>
      <symbol id="sm-f">
         <name>edata</name>
         <value>0x40</value>
      </symbol>
      <symbol id="sm-10">
         <name>___edata__</name>
         <value>0x40</value>
      </symbol>
      <symbol id="sm-11">
         <name>.bss</name>
         <value>0x0</value>
      </symbol>
      <symbol id="sm-12">
         <name>___bss__</name>
         <value>0x0</value>
      </symbol>
      <symbol id="sm-13">
         <name>end</name>
         <value>0x0</value>
      </symbol>
      <symbol id="sm-14">
         <name>___end__</name>
         <value>0x0</value>
      </symbol>
      <symbol id="sm-15">
         <name>___TI_pprof_out_hndl</name>
         <value>0xffffffff</value>
      </symbol>
      <symbol id="sm-16">
         <name>___TI_prof_data_start</name>
         <value>0xffffffff</value>
      </symbol>
      <symbol id="sm-17">
         <name>___TI_prof_data_size</name>
         <value>0xffffffff</value>
      </symbol>
      <symbol id="sm-41">
         <name>_main</name>
         <value>0x120</value>
         <object_component_ref idref="oc-3a"/>
      </symbol>
      <symbol id="sm-5c">
         <name>_c_int00</name>
         <value>0x40</value>
         <object_component_ref idref="oc-3"/>
      </symbol>
      <symbol id="sm-5d">
         <name>__stack</name>
         <value>0x0</value>
         <object_component_ref idref="oc-9"/>
      </symbol>
      <symbol id="sm-6c">
         <name>_copy_in</name>
         <value>0xbd</value>
         <object_component_ref idref="oc-35"/>
      </symbol>
      <symbol id="sm-80">
         <name>C$$EXIT</name>
         <value>0x94</value>
         <object_component_ref idref="oc-38"/>
      </symbol>
      <symbol id="sm-81">
         <name>_exit</name>
         <value>0x96</value>
         <object_component_ref idref="oc-38"/>
      </symbol>
      <symbol id="sm-82">
         <name>___TI_cleanup_ptr</name>
         <value>0x402</value>
         <object_component_ref idref="oc-16"/>
      </symbol>
      <symbol id="sm-83">
         <name>___TI_enable_exit_profile_output</name>
         <value>0x400</value>
         <object_component_ref idref="oc-16"/>
      </symbol>
      <symbol id="sm-84">
         <name>_abort</name>
         <value>0x94</value>
         <object_component_ref idref="oc-38"/>
      </symbol>
      <symbol id="sm-85">
         <name>___TI_dtors_ptr</name>
         <value>0x404</value>
         <object_component_ref idref="oc-16"/>
      </symbol>
      <symbol id="sm-96">
         <name>_memcpy</name>
         <value>0xe1</value>
         <object_component_ref idref="oc-39"/>
      </symbol>
      <symbol id="sm-a2">
         <name>__system_pre_init</name>
         <value>0x122</value>
         <object_component_ref idref="oc-34"/>
      </symbol>
      <symbol id="sm-ae">
         <name>__system_post_cinit</name>
         <value>0x124</value>
         <object_component_ref idref="oc-36"/>
      </symbol>
      <symbol id="sm-c2">
         <name>__unlock</name>
         <value>0x408</value>
         <object_component_ref idref="oc-3f"/>
      </symbol>
      <symbol id="sm-c3">
         <name>__lock</name>
         <value>0x406</value>
         <object_component_ref idref="oc-3b"/>
      </symbol>
      <symbol id="sm-c4">
         <name>__register_lock</name>
         <value>0x11b</value>
         <object_component_ref idref="oc-3d"/>
      </symbol>
      <symbol id="sm-c5">
         <name>__nop</name>
         <value>0x11f</value>
         <object_component_ref idref="oc-3d"/>
      </symbol>
      <symbol id="sm-c6">
         <name>__register_unlock</name>
         <value>0x117</value>
         <object_component_ref idref="oc-3d"/>
      </symbol>
      <symbol id="sm-d5">
         <name>__args_main</name>
         <value>0xfe</value>
         <object_component_ref idref="oc-37"/>
      </symbol>
   </symbol_table>
   <title>Link successful</title>
</link_info>
